// Jest Snapshot v1, https://goo.gl/fbAQLP

exports[`CoinSliderModalComponent rendering Should render correctly the component 1`] = `
<Modal
  hardwareAccelerated={false}
  onRequestClose={[Function]}
  transparent={true}
  visible={true}
>
  <View
    accessible={true}
    isTVSelectable={true}
    onResponderGrant={[Function]}
    onResponderMove={[Function]}
    onResponderRelease={[Function]}
    onResponderTerminate={[Function]}
    onResponderTerminationRequest={[Function]}
    onStartShouldSetResponder={[Function]}
    style={
      Object {
        "alignItems": "center",
        "backgroundColor": "#00000040",
        "flex": 1,
        "flexDirection": "column",
        "justifyContent": "center",
        "opacity": 1,
      }
    }
  >
    <View
      style={
        Object {
          "alignItems": "center",
          "backgroundColor": "#ffffff",
          "borderRadius": 5,
          "width": "70%",
        }
      }
    >
      <Text
        style={
          Object {
            "fontSize": 15,
            "fontWeight": "bold",
            "marginTop": 10,
            "textAlign": "center",
          }
        }
      >
        test
      </Text>
      <View
        style={
          Object {
            "borderBottomColor": "#000000",
            "borderBottomWidth": 1,
            "marginVertical": 10,
            "width": "50%",
          }
        }
      />
      <Text
        style={
          Object {
            "fontSize": 12,
            "fontWeight": "bold",
            "marginTop": 20,
            "textAlign": "center",
          }
        }
      >
        Vous avez choisi la réponse :
      </Text>
      <Text
        style={
          Object {
            "fontSize": 12,
            "fontWeight": "bold",
            "marginHorizontal": 10,
            "textAlign": "center",
          }
        }
      />
      <Text
        style={
          Object {
            "fontSize": 12,
            "fontWeight": "bold",
            "marginTop": 20,
            "textAlign": "center",
          }
        }
      >
        Veuillez entrer le montant de betCoins
que vous voulez placer sur cette réponse :
      </Text>
      <View
        style={
          Object {
            "alignItems": "center",
            "flexDirection": "row",
            "justifyContent": "center",
            "paddingLeft": 25,
          }
        }
      >
        <TextInput
          allowFontScaling={true}
          onChangeText={[Function]}
          style={
            Array [
              Object {
                "alignItems": "center",
                "borderColor": "#707070",
                "borderRadius": 3,
                "borderWidth": 0.5,
                "height": 25,
                "marginTop": 10,
                "paddingHorizontal": 10,
                "width": "55%",
              },
              Object {
                "textAlign": "right",
              },
            ]
          }
          underlineColorAndroid="transparent"
          value="1"
        />
        <Image
          source={
            Object {
              "testUri": "../../../assets/images/betcoin_icon.png",
            }
          }
          style={
            Object {
              "height": 25,
              "marginLeft": 5,
              "marginTop": 10,
              "width": 25,
            }
          }
        />
      </View>
      <View
        style={
          Object {
            "flexDirection": "row",
            "marginTop": 15,
          }
        }
      >
        <View
          accessible={true}
          isTVSelectable={true}
          onResponderGrant={[Function]}
          onResponderMove={[Function]}
          onResponderRelease={[Function]}
          onResponderTerminate={[Function]}
          onResponderTerminationRequest={[Function]}
          onStartShouldSetResponder={[Function]}
          style={
            Object {
              "alignItems": "center",
              "backgroundColor": "#FC8D8D",
              "borderRadius": 5,
              "flex": 1,
              "height": 31,
              "justifyContent": "center",
              "margin": 2,
              "marginLeft": 1,
              "opacity": 1,
            }
          }
        >
          <Text
            style={
              Object {
                "fontSize": 12,
                "fontWeight": "bold",
                "marginHorizontal": 10,
                "textAlign": "center",
              }
            }
          >
            Annuler
          </Text>
        </View>
        <View
          accessible={true}
          isTVSelectable={true}
          onResponderGrant={[Function]}
          onResponderMove={[Function]}
          onResponderRelease={[Function]}
          onResponderTerminate={[Function]}
          onResponderTerminationRequest={[Function]}
          onStartShouldSetResponder={[Function]}
          style={
            Object {
              "alignItems": "center",
              "backgroundColor": "#A6E48D",
              "borderRadius": 5,
              "flex": 1,
              "height": 31,
              "justifyContent": "center",
              "margin": 2,
              "marginRight": 1,
              "opacity": 1,
            }
          }
        >
          <Text
            style={
              Object {
                "fontSize": 12,
                "fontWeight": "bold",
                "marginHorizontal": 10,
                "textAlign": "center",
              }
            }
          >
            Confirmer
          </Text>
        </View>
      </View>
    </View>
  </View>
</Modal>
`;
