// Jest Snapshot v1, https://goo.gl/fbAQLP

exports[`Filters rendering Should render correctly 1`] = `
<View
  style={
    Object {
      "backgroundColor": "#37597F",
      "flexDirection": "row",
      "height": 50,
      "justifyContent": "flex-start",
    }
  }
>
  <View
    style={
      Object {
        "flex": 1,
        "flexDirection": "column",
        "justifyContent": "flex-start",
        "marginHorizontal": 20,
      }
    }
  >
    <Text
      style={
        Object {
          "color": "#FFFFFF",
        }
      }
    >
      Catégorie
    </Text>
    <View
      style={
        Object {
          "backgroundColor": "#FFFFFF",
          "borderRadius": 5,
          "height": 25,
          "justifyContent": "center",
        }
      }
    >
      <View
        accessible={true}
        isTVSelectable={true}
        onResponderGrant={[Function]}
        onResponderMove={[Function]}
        onResponderRelease={[Function]}
        onResponderTerminate={[Function]}
        onResponderTerminationRequest={[Function]}
        onStartShouldSetResponder={[Function]}
        style={
          Object {
            "opacity": 1,
            "paddingLeft": 10,
          }
        }
      >
        <Text>
          Toutes
        </Text>
      </View>
    </View>
  </View>
  <View
    style={
      Object {
        "flex": 1,
        "flexDirection": "column",
        "justifyContent": "flex-start",
        "marginHorizontal": 20,
      }
    }
  >
    <Text
      style={
        Object {
          "color": "#FFFFFF",
        }
      }
    >
      Ordre
    </Text>
    <View
      style={
        Object {
          "backgroundColor": "#FFFFFF",
          "borderRadius": 5,
          "height": 25,
          "justifyContent": "center",
        }
      }
    >
      <View
        accessible={true}
        isTVSelectable={true}
        onResponderGrant={[Function]}
        onResponderMove={[Function]}
        onResponderRelease={[Function]}
        onResponderTerminate={[Function]}
        onResponderTerminationRequest={[Function]}
        onStartShouldSetResponder={[Function]}
        style={
          Object {
            "opacity": 1,
            "paddingLeft": 10,
          }
        }
      >
        <Text>
          Plus récents
        </Text>
      </View>
    </View>
  </View>
</View>
`;
